// Jest Snapshot v1, https://goo.gl/fbAQLP

exports[`the svg wrapper component 1`] = `"<html><head></head><body><div><svg width=\\"120\\" height=\\"120\\"><g transform=\\"translate(10, 10)\\"></g></svg></div></body></html>"`;
